Fetching 478 files:   0%|          | 0/478 [00:00<?, ?it/s]Fetching 478 files: 100%|██████████| 478/478 [00:00<00:00, 16452.17it/s]
Warning: You are sending unauthenticated requests to the HF Hub. Please set a HF_TOKEN to enable higher rate limits and faster downloads.
Loading weights:   0%|          | 0/625 [00:00<?, ?it/s]Loading weights:   6%|▌         | 39/625 [00:00<00:01, 374.00it/s]Loading weights:  17%|█▋        | 106/625 [00:00<00:00, 519.71it/s]Loading weights:  28%|██▊       | 175/625 [00:00<00:00, 587.19it/s]Loading weights:  37%|███▋      | 234/625 [00:00<00:00, 567.98it/s]Loading weights:  47%|████▋     | 292/625 [00:00<00:00, 563.16it/s]Loading weights:  58%|█████▊    | 364/625 [00:00<00:00, 609.98it/s]Loading weights:  71%|███████   | 445/625 [00:00<00:00, 666.69it/s]Loading weights:  84%|████████▍ | 528/625 [00:00<00:00, 710.32it/s]Loading weights:  96%|█████████▌| 600/625 [00:00<00:00, 672.27it/s]Loading weights: 100%|██████████| 625/625 [00:00<00:00, 634.04it/s]
resuming: 0
The following generation flags are not valid and may be ignored: ['temperature', 'top_p', 'top_k']. Set `TRANSFORMERS_VERBOSITY=info` for more details.
  [10/191] 0.07 it/s eta=41.1min
  [20/191] 0.08 it/s eta=37.1min
  [30/191] 0.08 it/s eta=34.7min
  [40/191] 0.08 it/s eta=32.4min
  [50/191] 0.08 it/s eta=30.2min
  [60/191] 0.08 it/s eta=28.0min
  [70/191] 0.08 it/s eta=26.0min
  [80/191] 0.08 it/s eta=23.7min
  [90/191] 0.08 it/s eta=21.6min
  [100/191] 0.08 it/s eta=19.5min
  [110/191] 0.08 it/s eta=17.4min
  [120/191] 0.08 it/s eta=15.2min
  [130/191] 0.08 it/s eta=13.1min
  [140/191] 0.08 it/s eta=10.9min
  [150/191] 0.08 it/s eta=8.8min
  [160/191] 0.08 it/s eta=6.6min
  [170/191] 0.08 it/s eta=4.5min
  [180/191] 0.08 it/s eta=2.4min
  [190/191] 0.08 it/s eta=0.2min
Done. Wrote /home/kavinder/ARNABI_ARSH/vlm-hallu/data/phase47_prior_art.jsonl
